// Jest Snapshot v1, https://goo.gl/fbAQLP

exports[`Header renders correctly 1`] = `
<header
  style={
    Object {
      "background": "grey",
      "marginBottom": "1.45rem",
    }
  }
>
  <div>
    <nav
      class="navbar navbar-expand-lg navbar-light bg-light"
    >
      <div
        class="container-fluid"
      >
        <a
          className="navbar-brand"
          href="/"
        >
          Dutchmasters
        </a>
        <button
          aria-controls="navbarSupportedContent"
          aria-expanded="false"
          aria-label="Toggle navigation"
          class="navbar-toggler"
          data-bs-target="#navbarSupportedContent"
          data-bs-toggle="collapse"
          type="button"
        >
          <span
            class="navbar-toggler-icon"
          />
        </button>
        <ul
          class="navbar-nav me-auto mb-2 mb-lg-0 gap-2"
        >
          <li
            class="nav-item"
          >
            <a
              className="btn btn-primary"
              href="/"
            >
              Home
            </a>
          </li>
          <li
            class="nav-item"
          >
            <a
              className="btn btn-primary"
              href="/info"
            >
              Important Info!
            </a>
          </li>
          <li
            class="nav-item"
          >
            <a
              className="btn btn-secondary"
              href="/pictures"
            >
              Pictures
            </a>
          </li>
          <li
            class="nav-item"
          >
            <a
              className="btn btn-secondary"
              href="/history"
            >
              History
            </a>
          </li>
          <li
            class="nav-item"
          >
            <a
              className="btn btn-secondary"
              href="/scores"
            >
              Scores
            </a>
          </li>
          <li
            class="nav-item"
          >
            <a
              className="btn btn-secondary"
              href="/videos"
            >
              Videos
            </a>
          </li>
          <li
            class="nav-item dropdown"
          >
            <a
              aria-expanded="false"
              class="nav-link dropdown-toggle"
              data-bs-toggle="dropdown"
              href="#"
              id="navbarDropdown"
              role="button"
            >
              More Stuff
            </a>
            <ul
              aria-labelledby="navbarDropdown"
              class="dropdown-menu"
            >
              <li>
                <a
                  className="dropdown-item"
                  href="/champions"
                >
                  Champions
                </a>
              </li>
              <li>
                <hr
                  class="dropdown-divider"
                />
              </li>
              <li>
                <a
                  className="dropdown-item"
                  href="/history"
                >
                  History of the Shootout
                </a>
              </li>
            </ul>
          </li>
        </ul>
      </div>
    </nav>
  </div>
</header>
`;
